BG	1	3	5
TGT	1	13	15
MSG	Maximum chromosome randomization error due to length discretization: 0.0e+00%
CALL	TGT	1	10	14
NCALLS	1	0
