BG	1	4	6
BG	1	8	11
BG	1	13	15
TGT	1	21	23
BG	1	27	29
TGT	1	33	35
TGT	1	37	39
BG	1	44	47
TGT	1	49	52
BG	1	54	56
CALL	TGT	1	17	23
