BG	1	4	6
BG	1	8	11
BG	1	13	15
TGT	1	21	23
BG	1	27	29
TGT	1	33	35
TGT	1	37	39
BG	1	44	47
TGT	1	49	52
BG	1	54	56
BG	2	4	6
BG	2	8	11
BG	2	13	15
BG	2	27	29
BG	2	44	47
BG	2	54	56
BG	3	4	6
BG	3	8	11
BG	3	13	15
BG	3	27	29
BG	3	44	47
BG	3	54	56
BG	4	4	6
BG	4	8	11
BG	4	13	15
BG	4	27	29
BG	4	44	47
BG	4	54	56
BG	5	4	6
BG	5	8	11
BG	5	13	15
BG	5	27	29
BG	5	44	47
BG	5	54	56
MSG	Maximum chromosome randomization error due to length discretization: 1.5e-03%
CALL	TGT	1	17	23
NCALLS	1	0
