BG	1	1	999
TGT	1	1000	2000
BG	1	2001	4999
TGT	1	5000	6000
BG	1	6001	10000
BG	2	1	999
TGT	2	1000	2000
BG	2	2001	4999
TGT	2	5000	6000
BG	2	6001	10000
BG	3	1	999
TGT	3	1000	2000
BG	3	2001	4999
TGT	3	5000	6000
BG	3	6001	10000
MSG	Maximum chromosome randomization error due to length discretization: 1.5e-03%
CALL	TGT_BG	1	1500	1500
