BG	1	1000	1100
TGT	1	1300	1400
BG	1	1500	1600
TGT	1	1900	2000
BG	1	2001	2100
BG	2	1000	1100
TGT	2	1300	1400
BG	2	1500	1600
TGT	2	1900	2000
BG	2	2001	2100
BG	3	1000	1100
TGT	3	1300	1400
BG	3	1500	1600
TGT	3	1900	2000
BG	3	2001	2100
MSG	Maximum chromosome randomization error due to length discretization: 1.5e-03%
CALL	TGT	1	1350	1350
CALL	TGT	1	1351	1351
NCALLS	2	0
