# NITER_ROUNDS:
#    - number of iterations total
#    - number of batches
# TEST_ENR:
#    - number of iterations
#    - number of times the simulation had the same or more hits than observed in input data
#    - P-value derived from the two fields
# TEST_DPL:
#    - number of iterations
#    - number of times the simulation had the same or fewer hits than observed in input data
#    - P-value derived from the two fields
# TEST_FOLD:
#    - number of hits in the input data
#    - average number of hits in simulations
#    - average of standard deviations approximated from each batch using the current average estimate
# DIST:
#    - number of hits in a simulation
#    - number of simulations with this many hits
SEED	1536663761
NITER_ROUNDS	1.000000e+05	1
TEST_ENR	100000	5878	5.878000e-02
TEST_DPL	100000	100000	1.000000e+00
TEST_FOLD	2	0.493860	0.606236
DIST	0	56492
DIST	1	37630
DIST	2	5878
