BG	1	5	7
TGT	1	13	15
BG	1	21	23
TGT	1	30	32
BG	1	38	41
CALL	TGT	1	14	17
